// Jest Snapshot v1, https://goo.gl/fbAQLP

exports[`MovieDetails renders MovieDetails 1`] = `
Array [
  <div
    className="storyCard"
  >
    <div
      className="background"
    >
      <img
        alt="Background image"
        src="https://assets.nflxext.com/ffe/siteui/vlv3/e178a4e7-4f52-4661-b2ae-41efa25dca7c/eb618394-24cd-43ae-8799-c1a76a7bcbfc/BY-en-20210222-popsignuptwoweeks-perspective_alpha_website_small.jpg"
      />
      <div
        className="gradient gradientClassName"
      />
    </div>
    <div
      className="root"
    >
      <div
        className="header"
      >
        <span
          className="title"
        >
          <strong>
            netflix
          </strong>
          roulette
        </span>
        <a
          className="icon"
          href="/"
          onClick={[Function]}
        />
      </div>
      <div
        className="movieDetails"
      >
        <div
          className="loader"
        >
          <div
            aria-busy="true"
            className=""
            style={Object {}}
          >
            <svg
              aria-label="audio-loading"
              fill="$color-red"
              height={80}
              viewBox="0 0 120 30"
              width={80}
              xmlns="http://www.w3.org/2000/svg"
            >
              <circle
                cx="15"
                cy="15"
                r={15}
              >
                <animate
                  attributeName="r"
                  begin="0s"
                  calcMode="linear"
                  dur="0.8s"
                  from="15"
                  repeatCount="indefinite"
                  to="15"
                  values="15;9;15"
                />
                <animate
                  attributeName="fillOpacity"
                  begin="0s"
                  calcMode="linear"
                  dur="0.8s"
                  from="1"
                  repeatCount="indefinite"
                  to="1"
                  values="1;.5;1"
                />
              </circle>
              <circle
                attributeName="fillOpacity"
                cx="60"
                cy="15"
                from="1"
                r={9}
                to="0.3"
              >
                <animate
                  attributeName="r"
                  begin="0s"
                  calcMode="linear"
                  dur="0.8s"
                  from="9"
                  repeatCount="indefinite"
                  to="9"
                  values="9;15;9"
                />
                <animate
                  attributeName="fillOpacity"
                  begin="0s"
                  calcMode="linear"
                  dur="0.8s"
                  from="0.5"
                  repeatCount="indefinite"
                  to="0.5"
                  values=".5;1;.5"
                />
              </circle>
              <circle
                cx="105"
                cy="15"
                r={15}
              >
                <animate
                  attributeName="r"
                  begin="0s"
                  calcMode="linear"
                  dur="0.8s"
                  from="15"
                  repeatCount="indefinite"
                  to="15"
                  values="15;9;15"
                />
                <animate
                  attributeName="fillOpacity"
                  begin="0s"
                  calcMode="linear"
                  dur="0.8s"
                  from="1"
                  repeatCount="indefinite"
                  to="1"
                  values="1;.5;1"
                />
              </circle>
            </svg>
          </div>
        </div>
      </div>
    </div>
  </div>,
  <MovieList />,
]
`;
